((assign val (const 42))
 (perform (op define-variable!) (const x) (reg val) (reg env))
 (assign val (reg val))
 (assign env (op lookup-variable-value) (const *global-env*) (reg env))
 (save env)
 (assign proc (op lookup-variable-value) (const +) (reg env))
 (assign val (const 8))
 (assign argl (op list) (reg val))
 (assign val (op lookup-variable-value) (const x) (reg env))
 (assign argl (op cons) (reg val) (reg argl))
 (test (op primitive-procedure?) (reg proc))
 (branch (label L10))
 (test (op continuation?) (reg proc))
 (branch (label L8))
 (test (op parameter?) (reg proc))
 (branch (label L7))
 L9
 (assign continue (label L6))
 (assign val (op compiled-procedure-entry) (reg proc))
 (goto (reg val))
 L8
 (assign val (op car) (reg argl))
 (perform (op do-continuation-winds) (reg proc))
 (assign stack (op continuation-stack) (reg proc))
 (assign continue (op continuation-conts) (reg proc))
 (goto (reg continue))
 L7
 (assign val (op apply-parameter) (reg proc) (reg argl))
 (goto (label L6))
 L10
 (assign val (op apply-primitive-procedure) (reg proc) (reg argl))
 L6
 (restore env)
 (perform (op define-variable!) (const y) (reg val) (reg env))
 (assign val (reg val))
 (assign env (op lookup-variable-value) (const *global-env*) (reg env))
 (assign val (op make-compiled-procedure) (label L12) (reg env))
 (goto (label L11))
 L12
 (assign env (op compiled-procedure-env) (reg proc))
 (assign env (op extend-environment) (const (a b)) (reg argl) (reg env) (const 0))
 (assign proc (op lookup-variable-value) (const +) (reg env))
 (assign val (op lexical-ref) (const 0) (const 1) (reg env))
 (assign argl (op list) (reg val))
 (assign val (op lexical-ref) (const 0) (const 0) (reg env))
 (assign argl (op cons) (reg val) (reg argl))
 (test (op primitive-procedure?) (reg proc))
 (branch (label L17))
 (test (op continuation?) (reg proc))
 (branch (label L15))
 (test (op parameter?) (reg proc))
 (branch (label L14))
 L16
 (assign val (op compiled-procedure-entry) (reg proc))
 (goto (reg val))
 L15
 (assign val (op car) (reg argl))
 (perform (op do-continuation-winds) (reg proc))
 (assign stack (op continuation-stack) (reg proc))
 (assign continue (op continuation-conts) (reg proc))
 (goto (reg continue))
 L14
 (assign val (op apply-parameter) (reg proc) (reg argl))
 (goto (reg continue))
 L17
 (assign val (op apply-primitive-procedure) (reg proc) (reg argl))
 (goto (reg continue))
 L13
 L11
 (perform (op define-variable!) (const add) (reg val) (reg env))
 (assign val (reg val))
 (procedure-name L12 add)
 (assign env (op lookup-variable-value) (const *global-env*) (reg env))
 (assign proc (op lookup-variable-value) (const add) (reg env))
 (assign val (op lookup-variable-value) (const y) (reg env))
 (assign argl (op list) (reg val))
 (assign val (op lookup-variable-value) (const x) (reg env))
 (assign argl (op cons) (reg val) (reg argl))
 (test (op primitive-procedure?) (reg proc))
 (branch (label L22))
 (test (op continuation?) (reg proc))
 (branch (label L20))
 (test (op parameter?) (reg proc))
 (branch (label L19))
 L21
 (assign continue (label L18))
 (assign val (op compiled-procedure-entry) (reg proc))
 (goto (reg val))
 L20
 (assign val (op car) (reg argl))
 (perform (op do-continuation-winds) (reg proc))
 (assign stack (op continuation-stack) (reg proc))
 (assign continue (op continuation-conts) (reg proc))
 (goto (reg continue))
 L19
 (assign val (op apply-parameter) (reg proc) (reg argl))
 (goto (label L18))
 L22
 (assign val (op apply-primitive-procedure) (reg proc) (reg argl))
 L18)
